#-----------------------------------------------------------
# Vivado v2019.2 (64-bit)
# SW Build 2708876 on Wed Nov  6 21:40:23 MST 2019
# IP Build 2700528 on Thu Nov  7 00:09:20 MST 2019
# Start of session at: Thu Aug 22 08:24:32 2024
# Process ID: 2832
# Current directory: C:/Users/minkyu/Documents/GitHub/SOC_Design_VerilogPractice/Basys3_SOC
# Command line: vivado.exe -gui_launcher_event rodinguilauncherevent4564 C:\Users\minkyu\Documents\GitHub\SOC_Design_VerilogPractice\Basys3_SOC\Basys3_SOC.xpr
# Log file: C:/Users/minkyu/Documents/GitHub/SOC_Design_VerilogPractice/Basys3_SOC/vivado.log
# Journal file: C:/Users/minkyu/Documents/GitHub/SOC_Design_VerilogPractice/Basys3_SOC\vivado.jou
#-----------------------------------------------------------
start_gui
open_project C:/Users/minkyu/Documents/GitHub/SOC_Design_VerilogPractice/Basys3_SOC/Basys3_SOC.xpr
# Disabling source management mode.  This is to allow the top design properties to be set without GUI intervention.
set_property source_mgmt_mode None [current_project]
set_property top I2C_Master_top [current_fileset]
# Re-enabling previously disabled source management mode.
set_property source_mgmt_mode DisplayOnly [current_project]
reset_run synth_1
launch_runs impl_1 -to_step write_bitstream -jobs 4
wait_on_run impl_1
open_hw_manager
connect_hw_server -allow_non_jtag
open_hw_target
set_property PROGRAM.FILE {C:/Users/minkyu/Documents/GitHub/SOC_Design_VerilogPractice/Basys3_SOC/Basys3_SOC.runs/impl_1/I2C_Master_top.bit} [get_hw_devices xc7a35t_0]
current_hw_device [get_hw_devices xc7a35t_0]
refresh_hw_device -update_hw_probes false [lindex [get_hw_devices xc7a35t_0] 0]
set_property PROBES.FILE {} [get_hw_devices xc7a35t_0]
set_property FULL_PROBES.FILE {} [get_hw_devices xc7a35t_0]
set_property PROGRAM.FILE {C:/Users/minkyu/Documents/GitHub/SOC_Design_VerilogPractice/Basys3_SOC/Basys3_SOC.runs/impl_1/I2C_Master_top.bit} [get_hw_devices xc7a35t_0]
program_hw_devices [get_hw_devices xc7a35t_0]
refresh_hw_device [lindex [get_hw_devices xc7a35t_0] 0]
reset_run synth_1
launch_runs impl_1 -to_step write_bitstream -jobs 4
wait_on_run impl_1
set_property PROBES.FILE {} [get_hw_devices xc7a35t_0]
set_property FULL_PROBES.FILE {} [get_hw_devices xc7a35t_0]
set_property PROGRAM.FILE {C:/Users/minkyu/Documents/GitHub/SOC_Design_VerilogPractice/Basys3_SOC/Basys3_SOC.runs/impl_1/I2C_Master_top.bit} [get_hw_devices xc7a35t_0]
program_hw_devices [get_hw_devices xc7a35t_0]
refresh_hw_device [lindex [get_hw_devices xc7a35t_0] 0]
close_hw_manager
# Disabling source management mode.  This is to allow the top design properties to be set without GUI intervention.
set_property source_mgmt_mode None [current_project]
set_property top I2C_txtLCD_top [current_fileset]
# Re-enabling previously disabled source management mode.
set_property source_mgmt_mode DisplayOnly [current_project]
reset_run synth_1
launch_runs impl_1 -to_step write_bitstream -jobs 4
wait_on_run impl_1
reset_run synth_1
launch_runs impl_1 -to_step write_bitstream -jobs 4
wait_on_run impl_1
open_hw_manager
connect_hw_server -allow_non_jtag
open_hw_target
set_property PROGRAM.FILE {C:/Users/minkyu/Documents/GitHub/SOC_Design_VerilogPractice/Basys3_SOC/Basys3_SOC.runs/impl_1/I2C_txtLCD_top.bit} [get_hw_devices xc7a35t_0]
current_hw_device [get_hw_devices xc7a35t_0]
refresh_hw_device -update_hw_probes false [lindex [get_hw_devices xc7a35t_0] 0]
set_property PROBES.FILE {} [get_hw_devices xc7a35t_0]
set_property FULL_PROBES.FILE {} [get_hw_devices xc7a35t_0]
set_property PROGRAM.FILE {C:/Users/minkyu/Documents/GitHub/SOC_Design_VerilogPractice/Basys3_SOC/Basys3_SOC.runs/impl_1/I2C_txtLCD_top.bit} [get_hw_devices xc7a35t_0]
program_hw_devices [get_hw_devices xc7a35t_0]
refresh_hw_device [lindex [get_hw_devices xc7a35t_0] 0]
set_property PROBES.FILE {} [get_hw_devices xc7a35t_0]
set_property FULL_PROBES.FILE {} [get_hw_devices xc7a35t_0]
set_property PROGRAM.FILE {C:/Users/minkyu/Documents/GitHub/SOC_Design_VerilogPractice/Basys3_SOC/Basys3_SOC.runs/impl_1/I2C_txtLCD_top.bit} [get_hw_devices xc7a35t_0]
program_hw_devices [get_hw_devices xc7a35t_0]
refresh_hw_device [lindex [get_hw_devices xc7a35t_0] 0]
close_hw_manager
reset_run synth_1
launch_runs impl_1 -to_step write_bitstream -jobs 4
wait_on_run impl_1
open_hw_manager
reset_run synth_1
launch_runs impl_1 -to_step write_bitstream -jobs 4
wait_on_run impl_1
connect_hw_server -allow_non_jtag
open_hw_target
set_property PROGRAM.FILE {C:/Users/minkyu/Documents/GitHub/SOC_Design_VerilogPractice/Basys3_SOC/Basys3_SOC.runs/impl_1/I2C_txtLCD_top.bit} [get_hw_devices xc7a35t_0]
current_hw_device [get_hw_devices xc7a35t_0]
refresh_hw_device -update_hw_probes false [lindex [get_hw_devices xc7a35t_0] 0]
set_property PROBES.FILE {} [get_hw_devices xc7a35t_0]
set_property FULL_PROBES.FILE {} [get_hw_devices xc7a35t_0]
set_property PROGRAM.FILE {C:/Users/minkyu/Documents/GitHub/SOC_Design_VerilogPractice/Basys3_SOC/Basys3_SOC.runs/impl_1/I2C_txtLCD_top.bit} [get_hw_devices xc7a35t_0]
program_hw_devices [get_hw_devices xc7a35t_0]
refresh_hw_device [lindex [get_hw_devices xc7a35t_0] 0]
set_property PROBES.FILE {} [get_hw_devices xc7a35t_0]
set_property FULL_PROBES.FILE {} [get_hw_devices xc7a35t_0]
set_property PROGRAM.FILE {C:/Users/minkyu/Documents/GitHub/SOC_Design_VerilogPractice/Basys3_SOC/Basys3_SOC.runs/impl_1/I2C_txtLCD_top.bit} [get_hw_devices xc7a35t_0]
program_hw_devices [get_hw_devices xc7a35t_0]
refresh_hw_device [lindex [get_hw_devices xc7a35t_0] 0]
reset_run synth_1
launch_runs impl_1 -to_step write_bitstream -jobs 4
wait_on_run impl_1
set_property PROBES.FILE {} [get_hw_devices xc7a35t_0]
set_property FULL_PROBES.FILE {} [get_hw_devices xc7a35t_0]
set_property PROGRAM.FILE {C:/Users/minkyu/Documents/GitHub/SOC_Design_VerilogPractice/Basys3_SOC/Basys3_SOC.runs/impl_1/I2C_txtLCD_top.bit} [get_hw_devices xc7a35t_0]
program_hw_devices [get_hw_devices xc7a35t_0]
refresh_hw_device [lindex [get_hw_devices xc7a35t_0] 0]
reset_run synth_1
launch_runs impl_1 -to_step write_bitstream -jobs 4
wait_on_run impl_1
set_property PROBES.FILE {} [get_hw_devices xc7a35t_0]
set_property FULL_PROBES.FILE {} [get_hw_devices xc7a35t_0]
set_property PROGRAM.FILE {C:/Users/minkyu/Documents/GitHub/SOC_Design_VerilogPractice/Basys3_SOC/Basys3_SOC.runs/impl_1/I2C_txtLCD_top.bit} [get_hw_devices xc7a35t_0]
program_hw_devices [get_hw_devices xc7a35t_0]
refresh_hw_device [lindex [get_hw_devices xc7a35t_0] 0]
close_hw_manager
# Disabling source management mode.  This is to allow the top design properties to be set without GUI intervention.
set_property source_mgmt_mode None [current_project]
set_property top I2C_txtLCD_top [get_filesets sim_1]
set_property top_lib xil_defaultlib [get_filesets sim_1]
# Re-enabling previously disabled source management mode.
set_property source_mgmt_mode DisplayOnly [current_project]
synth_design -rtl -name rtl_1
launch_simulation
close_design
launch_simulation
launch_simulation
source I2C_txtLCD_top.tcl
add_force {/I2C_txtLCD_top/clk} -radix hex {0 0ns} {1 5000ps} -repeat_every 10000ps
add_force {/I2C_txtLCD_top/reset_p} -radix hex {1 0ns}
add_force {/I2C_txtLCD_top/btn} -radix hex {0 0ns}
run 10 ns
add_force {/I2C_txtLCD_top/reset_p} -radix hex {0 0ns}
run 10 ns
run 90 ms
relaunch_sim
add_force {/I2C_txtLCD_top/lcd/clk} -radix hex {0 0ns} {1 5000ps} -repeat_every 10000ps
add_force {/I2C_txtLCD_top/lcd/reset_p} -radix hex {1 0ns}
relaunch_sim
add_force {/I2C_txtLCD_top/clk} -radix hex {0 0ns} {1 5000ps} -repeat_every 10000ps
add_force {/I2C_txtLCD_top/reset_p} -radix hex {1 0ns}
add_force {/I2C_txtLCD_top/btn} -radix hex {0 0ns}
run 10 ns
add_force {/I2C_txtLCD_top/reset_p} -radix hex {0 0ns}
run 10 ns
run 1 ms
relaunch_sim
add_force {/I2C_txtLCD_top/clk} -radix hex {0 0ns} {1 5000ps} -repeat_every 10000ps
add_force {/I2C_txtLCD_top/reset_p} -radix hex {1 0ns}
add_force {/I2C_txtLCD_top/btn} -radix hex {0 0ns}
run 1 ns
add_force {/I2C_txtLCD_top/reset_p} -radix hex {0 0ns}
run 1 ns
run 1 ms
relaunch_sim
add_force {/I2C_txtLCD_top/clk} -radix hex {0 0ns} {1 5000ps} -repeat_every 10000ps
add_force {/I2C_txtLCD_top/reset_p} -radix hex {1 0ns}
add_force {/I2C_txtLCD_top/btn} -radix hex {0 0ns}
run 10 ns
add_force {/I2C_txtLCD_top/reset_p} -radix hex {0 0ns}
run 10 ns
run 10 ms
close_sim
reset_run synth_1
launch_runs impl_1 -to_step write_bitstream -jobs 4
wait_on_run impl_1
open_hw_manager
connect_hw_server -allow_non_jtag
open_hw_target
set_property PROGRAM.FILE {C:/Users/minkyu/Documents/GitHub/SOC_Design_VerilogPractice/Basys3_SOC/Basys3_SOC.runs/impl_1/I2C_txtLCD_top.bit} [get_hw_devices xc7a35t_0]
current_hw_device [get_hw_devices xc7a35t_0]
refresh_hw_device -update_hw_probes false [lindex [get_hw_devices xc7a35t_0] 0]
set_property PROBES.FILE {} [get_hw_devices xc7a35t_0]
set_property FULL_PROBES.FILE {} [get_hw_devices xc7a35t_0]
set_property PROGRAM.FILE {C:/Users/minkyu/Documents/GitHub/SOC_Design_VerilogPractice/Basys3_SOC/Basys3_SOC.runs/impl_1/I2C_txtLCD_top.bit} [get_hw_devices xc7a35t_0]
program_hw_devices [get_hw_devices xc7a35t_0]
refresh_hw_device [lindex [get_hw_devices xc7a35t_0] 0]
close_hw_manager
reset_run synth_1
launch_runs impl_1 -to_step write_bitstream -jobs 4
wait_on_run impl_1
open_hw_manager
connect_hw_server -allow_non_jtag
open_hw_target
set_property PROGRAM.FILE {C:/Users/minkyu/Documents/GitHub/SOC_Design_VerilogPractice/Basys3_SOC/Basys3_SOC.runs/impl_1/I2C_txtLCD_top.bit} [get_hw_devices xc7a35t_0]
current_hw_device [get_hw_devices xc7a35t_0]
refresh_hw_device -update_hw_probes false [lindex [get_hw_devices xc7a35t_0] 0]
set_property PROBES.FILE {} [get_hw_devices xc7a35t_0]
set_property FULL_PROBES.FILE {} [get_hw_devices xc7a35t_0]
set_property PROGRAM.FILE {C:/Users/minkyu/Documents/GitHub/SOC_Design_VerilogPractice/Basys3_SOC/Basys3_SOC.runs/impl_1/I2C_txtLCD_top.bit} [get_hw_devices xc7a35t_0]
program_hw_devices [get_hw_devices xc7a35t_0]
refresh_hw_device [lindex [get_hw_devices xc7a35t_0] 0]
reset_run synth_1
launch_runs impl_1 -to_step write_bitstream -jobs 4
wait_on_run impl_1
set_property PROBES.FILE {} [get_hw_devices xc7a35t_0]
set_property FULL_PROBES.FILE {} [get_hw_devices xc7a35t_0]
set_property PROGRAM.FILE {C:/Users/minkyu/Documents/GitHub/SOC_Design_VerilogPractice/Basys3_SOC/Basys3_SOC.runs/impl_1/I2C_txtLCD_top.bit} [get_hw_devices xc7a35t_0]
program_hw_devices [get_hw_devices xc7a35t_0]
refresh_hw_device [lindex [get_hw_devices xc7a35t_0] 0]
reset_run synth_1
launch_runs impl_1 -to_step write_bitstream -jobs 4
wait_on_run impl_1
set_property PROBES.FILE {} [get_hw_devices xc7a35t_0]
set_property FULL_PROBES.FILE {} [get_hw_devices xc7a35t_0]
set_property PROGRAM.FILE {C:/Users/minkyu/Documents/GitHub/SOC_Design_VerilogPractice/Basys3_SOC/Basys3_SOC.runs/impl_1/I2C_txtLCD_top.bit} [get_hw_devices xc7a35t_0]
program_hw_devices [get_hw_devices xc7a35t_0]
refresh_hw_device [lindex [get_hw_devices xc7a35t_0] 0]
reset_run synth_1
launch_runs impl_1 -to_step write_bitstream -jobs 4
wait_on_run impl_1
set_property PROBES.FILE {} [get_hw_devices xc7a35t_0]
set_property FULL_PROBES.FILE {} [get_hw_devices xc7a35t_0]
set_property PROGRAM.FILE {C:/Users/minkyu/Documents/GitHub/SOC_Design_VerilogPractice/Basys3_SOC/Basys3_SOC.runs/impl_1/I2C_txtLCD_top.bit} [get_hw_devices xc7a35t_0]
program_hw_devices [get_hw_devices xc7a35t_0]
refresh_hw_device [lindex [get_hw_devices xc7a35t_0] 0]
reset_run synth_1
launch_runs impl_1 -to_step write_bitstream -jobs 4
wait_on_run impl_1
set_property PROBES.FILE {} [get_hw_devices xc7a35t_0]
set_property FULL_PROBES.FILE {} [get_hw_devices xc7a35t_0]
set_property PROGRAM.FILE {C:/Users/minkyu/Documents/GitHub/SOC_Design_VerilogPractice/Basys3_SOC/Basys3_SOC.runs/impl_1/I2C_txtLCD_top.bit} [get_hw_devices xc7a35t_0]
program_hw_devices [get_hw_devices xc7a35t_0]
refresh_hw_device [lindex [get_hw_devices xc7a35t_0] 0]
